<?xml version="1.0" encoding="UTF-8" ?><email><content type="str">This is nothing more than a test</content><date type="str">2024-04-17T15:13:56+00:00</date><attachment type="int">2</attachment><attachement_type type="list"><content type="str">jpg</content></attachement_type></email>